// Jest Snapshot v1, https://goo.gl/fbAQLP

exports[`#2 diamond should return a string as diamond shape with width 1`] = `
" * 
***
 * 
"
`;

exports[`#2 diamond should return a string as diamond shape with width 2`] = `
"  *  
 *** 
*****
 *** 
  *  
"
`;

exports[`#2 diamond should return a string as diamond shape with width 3`] = `
"     *     
    ***    
   *****   
  *******  
 ********* 
***********
 ********* 
  *******  
   *****   
    ***    
     *     
"
`;
